6teIPpCrYKw0zFusDSix/6teIPpCrYKw0zFusDSix-sub_541C43.json
85lCRjIZmV670qYBJSNo/85lCRjIZmV670qYBJSNo-sub_42C7F1.json
9DiHIregYkyCL3lzNvtJ/9DiHIregYkyCL3lzNvtJ-sub_406B97.json
9DiHIregYkyCL3lzNvtJ/9DiHIregYkyCL3lzNvtJ-rtn_168.json
E8vGptxQ9XyHZ3RiJoD0/E8vGptxQ9XyHZ3RiJoD0-sub_10008060.json
iPFa4r6moSNthpqB2RDV/iPFa4r6moSNthpqB2RDV-sub_4043FA.json
E8vGptxQ9XyHZ3RiJoD0/E8vGptxQ9XyHZ3RiJoD0-sub_10005D10.json
E8vGptxQ9XyHZ3RiJoD0/E8vGptxQ9XyHZ3RiJoD0-sub_10020864.json
Cvi1y2efF0AhORZ75uNK/Cvi1y2efF0AhORZ75uNK-sub_402F4E.json
eNhamfpF47A0WXjSiTqk/eNhamfpF47A0WXjSiTqk-sub_407EF0.json
iPFa4r6moSNthpqB2RDV/iPFa4r6moSNthpqB2RDV-sub_4027C9.json
7rIRLujKkM9NAsDd5Etc/7rIRLujKkM9NAsDd5Etc-rtn_33.json
1wzULSbfxGolZhD4XIAs/1wzULSbfxGolZhD4XIAs-rtn_2.json
Bgd518FpSGfwvekMYxUR/Bgd518FpSGfwvekMYxUR-sub_40DEC0.json
E8vGptxQ9XyHZ3RiJoD0/E8vGptxQ9XyHZ3RiJoD0-sub_10021D61.json
6Jrdwx7NlTG4HuOYPvBn/6Jrdwx7NlTG4HuOYPvBn-rtn_3.json
0WQtf1pNPdRqUI7KJFAT/0WQtf1pNPdRqUI7KJFAT-rtn_1.json
fE8nLpWCmaTtuvchbR1I/fE8nLpWCmaTtuvchbR1I-sub_405680.json
iCnEzomH19dKjvfZQ4g8/iCnEzomH19dKjvfZQ4g8-sub_4087F9.json
JuAyLarnUdx5cRYT1v7M/JuAyLarnUdx5cRYT1v7M-sub_100036FF.json
E8vGptxQ9XyHZ3RiJoD0/E8vGptxQ9XyHZ3RiJoD0-sub_10045290.json
fE8nLpWCmaTtuvchbR1I/fE8nLpWCmaTtuvchbR1I-sub_4017A0.json
Gq5fwFsb7cHlhy2zTO9I/Gq5fwFsb7cHlhy2zTO9I-sub_41165E.json
4o0CMefnHO3xUI8XYVbW/4o0CMefnHO3xUI8XYVbW-rtn_31.json
iCnEzomH19dKjvfZQ4g8/iCnEzomH19dKjvfZQ4g8-sub_419050.json
9ldBHV2NJysZCeurLcam/9ldBHV2NJysZCeurLcam-sub_1000EE80.json
0WQtf1pNPdRqUI7KJFAT/0WQtf1pNPdRqUI7KJFAT-sub_41D823.json
1wzULSbfxGolZhD4XIAs/1wzULSbfxGolZhD4XIAs-rtn_0.json
ADzc7SVJd1YE69kCZv5y/ADzc7SVJd1YE69kCZv5y-rtn_39.json
ADzc7SVJd1YE69kCZv5y/ADzc7SVJd1YE69kCZv5y-rtn_20.json
FWurwNEfVxvT43HbLyid/FWurwNEfVxvT43HbLyid-rtn_37.json
6Jrdwx7NlTG4HuOYPvBn/6Jrdwx7NlTG4HuOYPvBn-rtn_34.json
E8vGptxQ9XyHZ3RiJoD0/E8vGptxQ9XyHZ3RiJoD0-sub_10020A2A.json
9DiHIregYkyCL3lzNvtJ/9DiHIregYkyCL3lzNvtJ-start.json
2vzlFiPL03STnwtDhoCU/2vzlFiPL03STnwtDhoCU-sub_10006EFB.json
85lCRjIZmV670qYBJSNo/85lCRjIZmV670qYBJSNo-sub_43011D.json
85lCRjIZmV670qYBJSNo/85lCRjIZmV670qYBJSNo-rtn_140.json
85lCRjIZmV670qYBJSNo/85lCRjIZmV670qYBJSNo-rtn_30.json
4o0CMefnHO3xUI8XYVbW/4o0CMefnHO3xUI8XYVbW-rtn_29.json
85lCRjIZmV670qYBJSNo/85lCRjIZmV670qYBJSNo-rtn_90.json
85lCRjIZmV670qYBJSNo/85lCRjIZmV670qYBJSNo-rtn_142.json
85lCRjIZmV670qYBJSNo/85lCRjIZmV670qYBJSNo-sub_4375F4.json
ADzc7SVJd1YE69kCZv5y/ADzc7SVJd1YE69kCZv5y-rtn_35.json
6Jrdwx7NlTG4HuOYPvBn/6Jrdwx7NlTG4HuOYPvBn-rtn_30.json
7h32P6rADjMVEQuoOJIB/7h32P6rADjMVEQuoOJIB-start.json
jM2ezG5TVpPDmlEBZN7b/jM2ezG5TVpPDmlEBZN7b-rtn_0.json
85lCRjIZmV670qYBJSNo/85lCRjIZmV670qYBJSNo-rtn_83.json
FdCMeDTY76jcz1EpqLhQ/FdCMeDTY76jcz1EpqLhQ-rtn_1.json
8jYo6TrpmwN2BGyEgsKd/8jYo6TrpmwN2BGyEgsKd-rtn_0.json
2vzlFiPL03STnwtDhoCU/2vzlFiPL03STnwtDhoCU-rtn_0.json
DzCt290diLU3eKIExNpv/DzCt290diLU3eKIExNpv-rtn_0.json
Bgd518FpSGfwvekMYxUR/Bgd518FpSGfwvekMYxUR-rtn_75.json
85lCRjIZmV670qYBJSNo/85lCRjIZmV670qYBJSNo-rtn_80.json
7h32P6rADjMVEQuoOJIB/7h32P6rADjMVEQuoOJIB-rtn_1.json
FdCMeDTY76jcz1EpqLhQ/FdCMeDTY76jcz1EpqLhQ-rtn_0.json
