J8EvIQbVSYOXxKC4wgd5/J8EvIQbVSYOXxKC4wgd5-sub_10002ED8.json
E8vGptxQ9XyHZ3RiJoD0/E8vGptxQ9XyHZ3RiJoD0-sub_1005D9C0.json
iCnEzomH19dKjvfZQ4g8/iCnEzomH19dKjvfZQ4g8-sub_406E5C.json
AkMBjErNyVGnWaouCQZf/AkMBjErNyVGnWaouCQZf-sub_45D838.json
hrguW0CqMt2mJdfvX8IB/hrguW0CqMt2mJdfvX8IB-sub_403884.json
85lCRjIZmV670qYBJSNo/85lCRjIZmV670qYBJSNo-sub_403320.json
E8vGptxQ9XyHZ3RiJoD0/E8vGptxQ9XyHZ3RiJoD0-SEH_100174A0.json
9ldBHV2NJysZCeurLcam/9ldBHV2NJysZCeurLcam-sub_100291C8.json
7MWNnkoDrl2aRZAIPKOy/7MWNnkoDrl2aRZAIPKOy-rtn_9.json
E8vGptxQ9XyHZ3RiJoD0/E8vGptxQ9XyHZ3RiJoD0-SEH_100183E0.json
9ldBHV2NJysZCeurLcam/9ldBHV2NJysZCeurLcam-sub_10029630.json
E8vGptxQ9XyHZ3RiJoD0/E8vGptxQ9XyHZ3RiJoD0-sub_1000B656.json
E8vGptxQ9XyHZ3RiJoD0/E8vGptxQ9XyHZ3RiJoD0-rtn_14.json
9ldBHV2NJysZCeurLcam/9ldBHV2NJysZCeurLcam-sub_10029514.json
J8EvIQbVSYOXxKC4wgd5/J8EvIQbVSYOXxKC4wgd5-sub_10001C26.json
7rIRLujKkM9NAsDd5Etc/7rIRLujKkM9NAsDd5Etc-rtn_88.json
9ldBHV2NJysZCeurLcam/9ldBHV2NJysZCeurLcam-sub_10006720.json
9ldBHV2NJysZCeurLcam/9ldBHV2NJysZCeurLcam-sub_10029D38.json
9ldBHV2NJysZCeurLcam/9ldBHV2NJysZCeurLcam-sub_10029E0A.json
Gq5fwFsb7cHlhy2zTO9I/Gq5fwFsb7cHlhy2zTO9I-sub_418D90.json
Gq5fwFsb7cHlhy2zTO9I/Gq5fwFsb7cHlhy2zTO9I-rtn_99.json
BXVCZF5arGuDLKxWgSsi/BXVCZF5arGuDLKxWgSsi-sub_635324.json
9ldBHV2NJysZCeurLcam/9ldBHV2NJysZCeurLcam-SEH_10004420.json
eNhamfpF47A0WXjSiTqk/eNhamfpF47A0WXjSiTqk-rtn_30.json
E8vGptxQ9XyHZ3RiJoD0/E8vGptxQ9XyHZ3RiJoD0-rtn_77.json
85lCRjIZmV670qYBJSNo/85lCRjIZmV670qYBJSNo-sub_426537.json
7rIRLujKkM9NAsDd5Etc/7rIRLujKkM9NAsDd5Etc-sub_40160C.json
jMAU1E9sFQl8JrTq3xeP/jMAU1E9sFQl8JrTq3xeP-rtn_6.json
E8vGptxQ9XyHZ3RiJoD0/E8vGptxQ9XyHZ3RiJoD0-sub_10006BF0.json
eNhamfpF47A0WXjSiTqk/eNhamfpF47A0WXjSiTqk-sub_401F70.json
chIxPYzG7tBTm9AXDgUC/chIxPYzG7tBTm9AXDgUC-rtn_8.json
Li5YIMaubo4TWtEV7gxs/Li5YIMaubo4TWtEV7gxs-sub_10001403.json
7DLNKwxjz5AoPZtcXrHB/7DLNKwxjz5AoPZtcXrHB-sub_15805C9B.json
E8vGptxQ9XyHZ3RiJoD0/E8vGptxQ9XyHZ3RiJoD0-SEH_1000DF90.json
E8vGptxQ9XyHZ3RiJoD0/E8vGptxQ9XyHZ3RiJoD0-SEH_10006720.json
Cvi1y2efF0AhORZ75uNK/Cvi1y2efF0AhORZ75uNK-sub_410144.json
E8vGptxQ9XyHZ3RiJoD0/E8vGptxQ9XyHZ3RiJoD0-sub_10013FA0.json
9ldBHV2NJysZCeurLcam/9ldBHV2NJysZCeurLcam-sub_10029C30.json
9ldBHV2NJysZCeurLcam/9ldBHV2NJysZCeurLcam-SEH_1000CC30.json
J6TicZvrREo1B7CnUlSe/J6TicZvrREo1B7CnUlSe-rtn_3.json
9ldBHV2NJysZCeurLcam/9ldBHV2NJysZCeurLcam-sub_1001728B.json
9ldBHV2NJysZCeurLcam/9ldBHV2NJysZCeurLcam-sub_10017B0B.json
0WQtf1pNPdRqUI7KJFAT/0WQtf1pNPdRqUI7KJFAT-sub_405A7A.json
E8vGptxQ9XyHZ3RiJoD0/E8vGptxQ9XyHZ3RiJoD0-sub_1005E278.json
E8vGptxQ9XyHZ3RiJoD0/E8vGptxQ9XyHZ3RiJoD0-sub_1005DFB0.json
E8vGptxQ9XyHZ3RiJoD0/E8vGptxQ9XyHZ3RiJoD0-rtn_136.json
85lCRjIZmV670qYBJSNo/85lCRjIZmV670qYBJSNo-sub_4447C1.json
AkMBjErNyVGnWaouCQZf/AkMBjErNyVGnWaouCQZf-sub_40510C.json
9ldBHV2NJysZCeurLcam/9ldBHV2NJysZCeurLcam-sub_1001686F.json
E8vGptxQ9XyHZ3RiJoD0/E8vGptxQ9XyHZ3RiJoD0-rtn_128.json
EVxmNT7dKfBMebuyaRkg/EVxmNT7dKfBMebuyaRkg-rtn_20.json
7rIRLujKkM9NAsDd5Etc/7rIRLujKkM9NAsDd5Etc-rtn_63.json
E8vGptxQ9XyHZ3RiJoD0/E8vGptxQ9XyHZ3RiJoD0-sub_10005830.json
cIojVJGQOtrL0S1ApeDY/cIojVJGQOtrL0S1ApeDY-rtn_6.json
E8vGptxQ9XyHZ3RiJoD0/E8vGptxQ9XyHZ3RiJoD0-sub_1000A3F0.json
E8vGptxQ9XyHZ3RiJoD0/E8vGptxQ9XyHZ3RiJoD0-sub_10045180.json
E8vGptxQ9XyHZ3RiJoD0/E8vGptxQ9XyHZ3RiJoD0-sub_1005D9C8.json
FP7u6VsNE8m1GCjBiXfS/FP7u6VsNE8m1GCjBiXfS-rtn_21.json
7MWNnkoDrl2aRZAIPKOy/7MWNnkoDrl2aRZAIPKOy-rtn_13.json
9ldBHV2NJysZCeurLcam/9ldBHV2NJysZCeurLcam-sub_10029C94.json
AydrZmxNDPoiRfbvXCW8/AydrZmxNDPoiRfbvXCW8-rtn_2.json
Gq5fwFsb7cHlhy2zTO9I/Gq5fwFsb7cHlhy2zTO9I-rtn_40.json
9ldBHV2NJysZCeurLcam/9ldBHV2NJysZCeurLcam-sub_10018C05.json
0WQtf1pNPdRqUI7KJFAT/0WQtf1pNPdRqUI7KJFAT-sub_423A77.json
7DLNKwxjz5AoPZtcXrHB/7DLNKwxjz5AoPZtcXrHB-sub_15805D45.json
AkMBjErNyVGnWaouCQZf/AkMBjErNyVGnWaouCQZf-sub_458904.json
9ldBHV2NJysZCeurLcam/9ldBHV2NJysZCeurLcam-sub_10016222.json
Gq5fwFsb7cHlhy2zTO9I/Gq5fwFsb7cHlhy2zTO9I-sub_4194A8.json
aUufGnCVsQDZogv7wHiN/aUufGnCVsQDZogv7wHiN-rtn_4.json
9ldBHV2NJysZCeurLcam/9ldBHV2NJysZCeurLcam-sub_100293B0.json
iCnEzomH19dKjvfZQ4g8/iCnEzomH19dKjvfZQ4g8-sub_404832.json
Gq5fwFsb7cHlhy2zTO9I/Gq5fwFsb7cHlhy2zTO9I-sub_4193F8.json
E8vGptxQ9XyHZ3RiJoD0/E8vGptxQ9XyHZ3RiJoD0-sub_10018D80.json
eNhamfpF47A0WXjSiTqk/eNhamfpF47A0WXjSiTqk-sub_401100.json
iCnEzomH19dKjvfZQ4g8/iCnEzomH19dKjvfZQ4g8-sub_41038F.json
E8vGptxQ9XyHZ3RiJoD0/E8vGptxQ9XyHZ3RiJoD0-sub_1005EF92.json
E8vGptxQ9XyHZ3RiJoD0/E8vGptxQ9XyHZ3RiJoD0-sub_10012640.json
E8vGptxQ9XyHZ3RiJoD0/E8vGptxQ9XyHZ3RiJoD0-sub_1001A8D7.json
E8vGptxQ9XyHZ3RiJoD0/E8vGptxQ9XyHZ3RiJoD0-sub_10015FD0.json
AkMBjErNyVGnWaouCQZf/AkMBjErNyVGnWaouCQZf-sub_405080.json
JuAyLarnUdx5cRYT1v7M/JuAyLarnUdx5cRYT1v7M-sub_1000639C.json
9ldBHV2NJysZCeurLcam/9ldBHV2NJysZCeurLcam-sub_10029E6D.json
htBbipHlj8Cvzsye310U/htBbipHlj8Cvzsye310U-sub_42C074.json
85lCRjIZmV670qYBJSNo/85lCRjIZmV670qYBJSNo-sub_42B9F1.json
E8vGptxQ9XyHZ3RiJoD0/E8vGptxQ9XyHZ3RiJoD0-sub_1005D028.json
E8vGptxQ9XyHZ3RiJoD0/E8vGptxQ9XyHZ3RiJoD0-SEH_10005E30.json
9ldBHV2NJysZCeurLcam/9ldBHV2NJysZCeurLcam-sub_10029A45.json
AkMBjErNyVGnWaouCQZf/AkMBjErNyVGnWaouCQZf-sub_405098.json
9ldBHV2NJysZCeurLcam/9ldBHV2NJysZCeurLcam-SEH_10001FD0.json
9ldBHV2NJysZCeurLcam/9ldBHV2NJysZCeurLcam-sub_10004B10.json
AkMBjErNyVGnWaouCQZf/AkMBjErNyVGnWaouCQZf-sub_4050B8.json
9DiHIregYkyCL3lzNvtJ/9DiHIregYkyCL3lzNvtJ-sub_40221A.json
E8vGptxQ9XyHZ3RiJoD0/E8vGptxQ9XyHZ3RiJoD0-sub_1005E998.json
cIojVJGQOtrL0S1ApeDY/cIojVJGQOtrL0S1ApeDY-rtn_14.json
eNhamfpF47A0WXjSiTqk/eNhamfpF47A0WXjSiTqk-sub_405580.json
9ldBHV2NJysZCeurLcam/9ldBHV2NJysZCeurLcam-sub_1002976C.json
Gq5fwFsb7cHlhy2zTO9I/Gq5fwFsb7cHlhy2zTO9I-sub_4192F3.json
7rIRLujKkM9NAsDd5Etc/7rIRLujKkM9NAsDd5Etc-sub_404900.json
7DLNKwxjz5AoPZtcXrHB/7DLNKwxjz5AoPZtcXrHB-sub_15801BF2.json
9ldBHV2NJysZCeurLcam/9ldBHV2NJysZCeurLcam-sub_10029935.json
dHUq5yM8w0LND9PaepZY/dHUq5yM8w0LND9PaepZY-rtn_3.json
E8vGptxQ9XyHZ3RiJoD0/E8vGptxQ9XyHZ3RiJoD0-sub_1000DA50.json
9DiHIregYkyCL3lzNvtJ/9DiHIregYkyCL3lzNvtJ-sub_40599D.json
FP7u6VsNE8m1GCjBiXfS/FP7u6VsNE8m1GCjBiXfS-sub_41009C.json
Gq5fwFsb7cHlhy2zTO9I/Gq5fwFsb7cHlhy2zTO9I-sub_409564.json
BOeTymAhdfoYM23aj5Xr/BOeTymAhdfoYM23aj5Xr-sub_401570.json
9ldBHV2NJysZCeurLcam/9ldBHV2NJysZCeurLcam-sub_10001200.json
9ldBHV2NJysZCeurLcam/9ldBHV2NJysZCeurLcam-sub_100144F0.json
E8vGptxQ9XyHZ3RiJoD0/E8vGptxQ9XyHZ3RiJoD0-sub_10001190.json
ADzc7SVJd1YE69kCZv5y/ADzc7SVJd1YE69kCZv5y-sub_402A70.json
9DiHIregYkyCL3lzNvtJ/9DiHIregYkyCL3lzNvtJ-sub_40118E.json
85lCRjIZmV670qYBJSNo/85lCRjIZmV670qYBJSNo-sub_405CB0.json
Gq5fwFsb7cHlhy2zTO9I/Gq5fwFsb7cHlhy2zTO9I-rtn_141.json
9DiHIregYkyCL3lzNvtJ/9DiHIregYkyCL3lzNvtJ-sub_4034B5.json
E8vGptxQ9XyHZ3RiJoD0/E8vGptxQ9XyHZ3RiJoD0-sub_1001B69F.json
E8vGptxQ9XyHZ3RiJoD0/E8vGptxQ9XyHZ3RiJoD0-sub_1000EA00.json
EVxmNT7dKfBMebuyaRkg/EVxmNT7dKfBMebuyaRkg-sub_10004010.json
9ldBHV2NJysZCeurLcam/9ldBHV2NJysZCeurLcam-sub_10005B10.json
7DLNKwxjz5AoPZtcXrHB/7DLNKwxjz5AoPZtcXrHB-sub_15803B44.json
iCnEzomH19dKjvfZQ4g8/iCnEzomH19dKjvfZQ4g8-sub_414A49.json
E8vGptxQ9XyHZ3RiJoD0/E8vGptxQ9XyHZ3RiJoD0-sub_1005D1E0.json
85lCRjIZmV670qYBJSNo/85lCRjIZmV670qYBJSNo-sub_43F97A.json
85lCRjIZmV670qYBJSNo/85lCRjIZmV670qYBJSNo-sub_425F75.json
Bgd518FpSGfwvekMYxUR/Bgd518FpSGfwvekMYxUR-rtn_27.json
E8vGptxQ9XyHZ3RiJoD0/E8vGptxQ9XyHZ3RiJoD0-sub_1000C6D0.json
9DiHIregYkyCL3lzNvtJ/9DiHIregYkyCL3lzNvtJ-sub_406757.json
chIxPYzG7tBTm9AXDgUC/chIxPYzG7tBTm9AXDgUC-sub_41015C.json
FWurwNEfVxvT43HbLyid/FWurwNEfVxvT43HbLyid-rtn_28.json
E8vGptxQ9XyHZ3RiJoD0/E8vGptxQ9XyHZ3RiJoD0-sub_10026E90.json
85lCRjIZmV670qYBJSNo/85lCRjIZmV670qYBJSNo-sub_406A90.json
E8vGptxQ9XyHZ3RiJoD0/E8vGptxQ9XyHZ3RiJoD0-sub_1001C4BF.json
9DiHIregYkyCL3lzNvtJ/9DiHIregYkyCL3lzNvtJ-rtn_141.json
9DiHIregYkyCL3lzNvtJ/9DiHIregYkyCL3lzNvtJ-sub_40173B.json
JuAyLarnUdx5cRYT1v7M/JuAyLarnUdx5cRYT1v7M-sub_10008268.json
Bgd518FpSGfwvekMYxUR/Bgd518FpSGfwvekMYxUR-rtn_28.json
E8vGptxQ9XyHZ3RiJoD0/E8vGptxQ9XyHZ3RiJoD0-sub_1000B5C0.json
E8vGptxQ9XyHZ3RiJoD0/E8vGptxQ9XyHZ3RiJoD0-sub_1000B060.json
E8vGptxQ9XyHZ3RiJoD0/E8vGptxQ9XyHZ3RiJoD0-sub_10015B90.json
iCnEzomH19dKjvfZQ4g8/iCnEzomH19dKjvfZQ4g8-sub_40579A.json
iCnEzomH19dKjvfZQ4g8/iCnEzomH19dKjvfZQ4g8-sub_413EAF.json
HhFctSgYNdwyDxKLnAJC/HhFctSgYNdwyDxKLnAJC-sub_401F19.json
Gq5fwFsb7cHlhy2zTO9I/Gq5fwFsb7cHlhy2zTO9I-sub_412500.json
iCnEzomH19dKjvfZQ4g8/iCnEzomH19dKjvfZQ4g8-sub_410C68.json
7rIRLujKkM9NAsDd5Etc/7rIRLujKkM9NAsDd5Etc-rtn_99.json
eNhamfpF47A0WXjSiTqk/eNhamfpF47A0WXjSiTqk-sub_408280.json
E8vGptxQ9XyHZ3RiJoD0/E8vGptxQ9XyHZ3RiJoD0-sub_10001870.json
FhLibeNQqV4O8acZvtJ7/FhLibeNQqV4O8acZvtJ7-sub_4100AC.json
iCnEzomH19dKjvfZQ4g8/iCnEzomH19dKjvfZQ4g8-sub_405C68.json
Bgd518FpSGfwvekMYxUR/Bgd518FpSGfwvekMYxUR-rtn_64.json
9DiHIregYkyCL3lzNvtJ/9DiHIregYkyCL3lzNvtJ-rtn_170.json
HhFctSgYNdwyDxKLnAJC/HhFctSgYNdwyDxKLnAJC-sub_401A60.json
Bgd518FpSGfwvekMYxUR/Bgd518FpSGfwvekMYxUR-rtn_45.json
AkMBjErNyVGnWaouCQZf/AkMBjErNyVGnWaouCQZf-sub_41C40C.json
E8vGptxQ9XyHZ3RiJoD0/E8vGptxQ9XyHZ3RiJoD0-sub_1001DBA4.json
85lCRjIZmV670qYBJSNo/85lCRjIZmV670qYBJSNo-sub_425E06.json
FP7u6VsNE8m1GCjBiXfS/FP7u6VsNE8m1GCjBiXfS-sub_410030.json
9ldBHV2NJysZCeurLcam/9ldBHV2NJysZCeurLcam-sub_100194D0.json
htBbipHlj8Cvzsye310U/htBbipHlj8Cvzsye310U-rtn_6.json
Gq5fwFsb7cHlhy2zTO9I/Gq5fwFsb7cHlhy2zTO9I-sub_4023F0.json
AkMBjErNyVGnWaouCQZf/AkMBjErNyVGnWaouCQZf-sub_40D0D4.json
85lCRjIZmV670qYBJSNo/85lCRjIZmV670qYBJSNo-sub_444FE7.json
J8EvIQbVSYOXxKC4wgd5/J8EvIQbVSYOXxKC4wgd5-sub_100029EC.json
85lCRjIZmV670qYBJSNo/85lCRjIZmV670qYBJSNo-sub_429130.json
E8vGptxQ9XyHZ3RiJoD0/E8vGptxQ9XyHZ3RiJoD0-sub_10014EB0.json
jM2ezG5TVpPDmlEBZN7b/jM2ezG5TVpPDmlEBZN7b-sub_45C4D3.json
FdCMeDTY76jcz1EpqLhQ/FdCMeDTY76jcz1EpqLhQ-sub_4E6541.json
85lCRjIZmV670qYBJSNo/85lCRjIZmV670qYBJSNo-sub_42C439.json
Gq5fwFsb7cHlhy2zTO9I/Gq5fwFsb7cHlhy2zTO9I-rtn_60.json
E8vGptxQ9XyHZ3RiJoD0/E8vGptxQ9XyHZ3RiJoD0-sub_10012800.json
Gq5fwFsb7cHlhy2zTO9I/Gq5fwFsb7cHlhy2zTO9I-rtn_4.json
EVxmNT7dKfBMebuyaRkg/EVxmNT7dKfBMebuyaRkg-sub_10002D3A.json
85lCRjIZmV670qYBJSNo/85lCRjIZmV670qYBJSNo-sub_4111D0.json
AkMBjErNyVGnWaouCQZf/AkMBjErNyVGnWaouCQZf-sub_42A0DC.json
Li5YIMaubo4TWtEV7gxs/Li5YIMaubo4TWtEV7gxs-sub_100018FA.json
85lCRjIZmV670qYBJSNo/85lCRjIZmV670qYBJSNo-sub_445F62.json
AkMBjErNyVGnWaouCQZf/AkMBjErNyVGnWaouCQZf-sub_438B08.json
85lCRjIZmV670qYBJSNo/85lCRjIZmV670qYBJSNo-rtn_166.json
9ldBHV2NJysZCeurLcam/9ldBHV2NJysZCeurLcam-sub_10004200.json
9ldBHV2NJysZCeurLcam/9ldBHV2NJysZCeurLcam-sub_1002890E.json
1FacC02JPfxSdXeD7MEw/1FacC02JPfxSdXeD7MEw-sub_10002E53.json
85lCRjIZmV670qYBJSNo/85lCRjIZmV670qYBJSNo-rtn_314.json
7rIRLujKkM9NAsDd5Etc/7rIRLujKkM9NAsDd5Etc-sub_4051F7.json
iCnEzomH19dKjvfZQ4g8/iCnEzomH19dKjvfZQ4g8-sub_401D10.json
EVxmNT7dKfBMebuyaRkg/EVxmNT7dKfBMebuyaRkg-sub_10003FD9.json
E8vGptxQ9XyHZ3RiJoD0/E8vGptxQ9XyHZ3RiJoD0-sub_10022501.json
E8vGptxQ9XyHZ3RiJoD0/E8vGptxQ9XyHZ3RiJoD0-sub_10012550.json
Bgd518FpSGfwvekMYxUR/Bgd518FpSGfwvekMYxUR-sub_407CC0.json
iCnEzomH19dKjvfZQ4g8/iCnEzomH19dKjvfZQ4g8-sub_417097.json
ADzc7SVJd1YE69kCZv5y/ADzc7SVJd1YE69kCZv5y-sub_40CE37.json
85lCRjIZmV670qYBJSNo/85lCRjIZmV670qYBJSNo-sub_410580.json
E8vGptxQ9XyHZ3RiJoD0/E8vGptxQ9XyHZ3RiJoD0-sub_10005960.json
JuAyLarnUdx5cRYT1v7M/JuAyLarnUdx5cRYT1v7M-sub_1000493D.json
7rIRLujKkM9NAsDd5Etc/7rIRLujKkM9NAsDd5Etc-sub_406F6C.json
Gq5fwFsb7cHlhy2zTO9I/Gq5fwFsb7cHlhy2zTO9I-rtn_77.json
E8vGptxQ9XyHZ3RiJoD0/E8vGptxQ9XyHZ3RiJoD0-sub_100188C0.json
FWurwNEfVxvT43HbLyid/FWurwNEfVxvT43HbLyid-sub_4061E0.json
E8vGptxQ9XyHZ3RiJoD0/E8vGptxQ9XyHZ3RiJoD0-sub_10003C80.json
E8vGptxQ9XyHZ3RiJoD0/E8vGptxQ9XyHZ3RiJoD0-sub_1001B663.json
htBbipHlj8Cvzsye310U/htBbipHlj8Cvzsye310U-sub_4010CC.json
9ldBHV2NJysZCeurLcam/9ldBHV2NJysZCeurLcam-sub_10001980.json
iCnEzomH19dKjvfZQ4g8/iCnEzomH19dKjvfZQ4g8-rtn_16.json
Gq5fwFsb7cHlhy2zTO9I/Gq5fwFsb7cHlhy2zTO9I-sub_412131.json
iCnEzomH19dKjvfZQ4g8/iCnEzomH19dKjvfZQ4g8-sub_41266D.json
85lCRjIZmV670qYBJSNo/85lCRjIZmV670qYBJSNo-sub_4359EE.json
Gq5fwFsb7cHlhy2zTO9I/Gq5fwFsb7cHlhy2zTO9I-sub_40A2D0.json
htBbipHlj8Cvzsye310U/htBbipHlj8Cvzsye310U-sub_41A756.json
7rIRLujKkM9NAsDd5Etc/7rIRLujKkM9NAsDd5Etc-sub_40708D.json
9DiHIregYkyCL3lzNvtJ/9DiHIregYkyCL3lzNvtJ-rtn_48.json
7rIRLujKkM9NAsDd5Etc/7rIRLujKkM9NAsDd5Etc-rtn_57.json
E8vGptxQ9XyHZ3RiJoD0/E8vGptxQ9XyHZ3RiJoD0-sub_100352E0.json
85lCRjIZmV670qYBJSNo/85lCRjIZmV670qYBJSNo-sub_42ACF1.json
Gq5fwFsb7cHlhy2zTO9I/Gq5fwFsb7cHlhy2zTO9I-rtn_118.json
E8vGptxQ9XyHZ3RiJoD0/E8vGptxQ9XyHZ3RiJoD0-sub_10023379.json
1wzULSbfxGolZhD4XIAs/1wzULSbfxGolZhD4XIAs-rtn_3.json
85lCRjIZmV670qYBJSNo/85lCRjIZmV670qYBJSNo-sub_403AC0.json
ADzc7SVJd1YE69kCZv5y/ADzc7SVJd1YE69kCZv5y-sub_402650.json
E8vGptxQ9XyHZ3RiJoD0/E8vGptxQ9XyHZ3RiJoD0-sub_1005A530.json
iCnEzomH19dKjvfZQ4g8/iCnEzomH19dKjvfZQ4g8-sub_41236C.json
iPFa4r6moSNthpqB2RDV/iPFa4r6moSNthpqB2RDV-sub_403DB9.json
E8vGptxQ9XyHZ3RiJoD0/E8vGptxQ9XyHZ3RiJoD0-sub_100039B0.json
iPFa4r6moSNthpqB2RDV/iPFa4r6moSNthpqB2RDV-sub_4061F4.json
85lCRjIZmV670qYBJSNo/85lCRjIZmV670qYBJSNo-sub_440B4D.json
FWurwNEfVxvT43HbLyid/FWurwNEfVxvT43HbLyid-sub_404562.json
85lCRjIZmV670qYBJSNo/85lCRjIZmV670qYBJSNo-sub_42E94D.json
85lCRjIZmV670qYBJSNo/85lCRjIZmV670qYBJSNo-sub_42F88A.json
cIojVJGQOtrL0S1ApeDY/cIojVJGQOtrL0S1ApeDY-sub_404F70.json
E8vGptxQ9XyHZ3RiJoD0/E8vGptxQ9XyHZ3RiJoD0-sub_1001AD5A.json
Bgd518FpSGfwvekMYxUR/Bgd518FpSGfwvekMYxUR-sub_40AA60.json
E8vGptxQ9XyHZ3RiJoD0/E8vGptxQ9XyHZ3RiJoD0-sub_100194A0.json
0BZQIJak6Pu2tyAXfrzR/0BZQIJak6Pu2tyAXfrzR-sub_428E2A.json
iCnEzomH19dKjvfZQ4g8/iCnEzomH19dKjvfZQ4g8-sub_4165D9.json
7rIRLujKkM9NAsDd5Etc/7rIRLujKkM9NAsDd5Etc-sub_4017B9.json
JuAyLarnUdx5cRYT1v7M/JuAyLarnUdx5cRYT1v7M-rtn_15.json
9ldBHV2NJysZCeurLcam/9ldBHV2NJysZCeurLcam-sub_10009A20.json
Gq5fwFsb7cHlhy2zTO9I/Gq5fwFsb7cHlhy2zTO9I-sub_40C585.json
E8vGptxQ9XyHZ3RiJoD0/E8vGptxQ9XyHZ3RiJoD0-sub_1004C930.json
Bgd518FpSGfwvekMYxUR/Bgd518FpSGfwvekMYxUR-sub_40DE00.json
4rQn1u9Ygp2ZahEk8mM6/4rQn1u9Ygp2ZahEk8mM6-rtn_3.json
4rQn1u9Ygp2ZahEk8mM6/4rQn1u9Ygp2ZahEk8mM6-sub_403EBA.json
E8vGptxQ9XyHZ3RiJoD0/E8vGptxQ9XyHZ3RiJoD0-sub_1002D430.json
E8vGptxQ9XyHZ3RiJoD0/E8vGptxQ9XyHZ3RiJoD0-sub_10034280.json
6teIPpCrYKw0zFusDSix/6teIPpCrYKw0zFusDSix-rtn_5.json
7DLNKwxjz5AoPZtcXrHB/7DLNKwxjz5AoPZtcXrHB-rtn_6.json
iPFa4r6moSNthpqB2RDV/iPFa4r6moSNthpqB2RDV-sub_407B9F.json
E8vGptxQ9XyHZ3RiJoD0/E8vGptxQ9XyHZ3RiJoD0-sub_10034880.json
Gq5fwFsb7cHlhy2zTO9I/Gq5fwFsb7cHlhy2zTO9I-sub_40E953.json
JuAyLarnUdx5cRYT1v7M/JuAyLarnUdx5cRYT1v7M-sub_1000B540.json
E8vGptxQ9XyHZ3RiJoD0/E8vGptxQ9XyHZ3RiJoD0-sub_1000A690.json
87DkeyGYrEq3xpKFh9SO/87DkeyGYrEq3xpKFh9SO-rtn_8.json
6teIPpCrYKw0zFusDSix/6teIPpCrYKw0zFusDSix-rtn_0.json
iPFa4r6moSNthpqB2RDV/iPFa4r6moSNthpqB2RDV-sub_403206.json
Gq5fwFsb7cHlhy2zTO9I/Gq5fwFsb7cHlhy2zTO9I-sub_40838C.json
85lCRjIZmV670qYBJSNo/85lCRjIZmV670qYBJSNo-sub_445BC8.json
85lCRjIZmV670qYBJSNo/85lCRjIZmV670qYBJSNo-sub_43F3C2.json
Gq5fwFsb7cHlhy2zTO9I/Gq5fwFsb7cHlhy2zTO9I-sub_40DB7E.json
E8vGptxQ9XyHZ3RiJoD0/E8vGptxQ9XyHZ3RiJoD0-sub_10019D00.json
E8vGptxQ9XyHZ3RiJoD0/E8vGptxQ9XyHZ3RiJoD0-sub_10034710.json
6teIPpCrYKw0zFusDSix/6teIPpCrYKw0zFusDSix-sub_540418.json
Gq5fwFsb7cHlhy2zTO9I/Gq5fwFsb7cHlhy2zTO9I-sub_407FA9.json
EVxmNT7dKfBMebuyaRkg/EVxmNT7dKfBMebuyaRkg-rtn_10.json
EVxmNT7dKfBMebuyaRkg/EVxmNT7dKfBMebuyaRkg-sub_10005147.json
FWurwNEfVxvT43HbLyid/FWurwNEfVxvT43HbLyid-rtn_17.json
9DiHIregYkyCL3lzNvtJ/9DiHIregYkyCL3lzNvtJ-sub_4079B9.json
7rIRLujKkM9NAsDd5Etc/7rIRLujKkM9NAsDd5Etc-sub_406DC0.json
7DLNKwxjz5AoPZtcXrHB/7DLNKwxjz5AoPZtcXrHB-sub_15801044.json
iCnEzomH19dKjvfZQ4g8/iCnEzomH19dKjvfZQ4g8-sub_40BA8E.json
E8vGptxQ9XyHZ3RiJoD0/E8vGptxQ9XyHZ3RiJoD0-sub_10012C60.json
7DLNKwxjz5AoPZtcXrHB/7DLNKwxjz5AoPZtcXrHB-sub_15805670.json
7DLNKwxjz5AoPZtcXrHB/7DLNKwxjz5AoPZtcXrHB-sub_15803BD8.json
JuAyLarnUdx5cRYT1v7M/JuAyLarnUdx5cRYT1v7M-sub_10008D80.json
iCnEzomH19dKjvfZQ4g8/iCnEzomH19dKjvfZQ4g8-sub_40AD70.json
EVxmNT7dKfBMebuyaRkg/EVxmNT7dKfBMebuyaRkg-sub_10007B70.json
Bgd518FpSGfwvekMYxUR/Bgd518FpSGfwvekMYxUR-rtn_4.json
iCnEzomH19dKjvfZQ4g8/iCnEzomH19dKjvfZQ4g8-sub_40C2AF.json
Bgd518FpSGfwvekMYxUR/Bgd518FpSGfwvekMYxUR-sub_40C610.json
85lCRjIZmV670qYBJSNo/85lCRjIZmV670qYBJSNo-sub_435D13.json
AeCXyFRcU2SsgvVTpMzi/AeCXyFRcU2SsgvVTpMzi-rtn_4.json
Gq5fwFsb7cHlhy2zTO9I/Gq5fwFsb7cHlhy2zTO9I-sub_417400.json
9DiHIregYkyCL3lzNvtJ/9DiHIregYkyCL3lzNvtJ-sub_4015D8.json
7rIRLujKkM9NAsDd5Etc/7rIRLujKkM9NAsDd5Etc-sub_401C00.json
9DiHIregYkyCL3lzNvtJ/9DiHIregYkyCL3lzNvtJ-rtn_27.json
85lCRjIZmV670qYBJSNo/85lCRjIZmV670qYBJSNo-sub_4440E3.json
9DiHIregYkyCL3lzNvtJ/9DiHIregYkyCL3lzNvtJ-rtn_179.json
Gq5fwFsb7cHlhy2zTO9I/Gq5fwFsb7cHlhy2zTO9I-sub_409870.json
E8vGptxQ9XyHZ3RiJoD0/E8vGptxQ9XyHZ3RiJoD0-sub_1001DE3F.json
9DiHIregYkyCL3lzNvtJ/9DiHIregYkyCL3lzNvtJ-rtn_54.json
BOeTymAhdfoYM23aj5Xr/BOeTymAhdfoYM23aj5Xr-sub_402BB4.json
E8vGptxQ9XyHZ3RiJoD0/E8vGptxQ9XyHZ3RiJoD0-sub_100197EC.json
4rQn1u9Ygp2ZahEk8mM6/4rQn1u9Ygp2ZahEk8mM6-sub_4025E1.json
FWurwNEfVxvT43HbLyid/FWurwNEfVxvT43HbLyid-sub_401AB5.json
iCnEzomH19dKjvfZQ4g8/iCnEzomH19dKjvfZQ4g8-sub_415370.json
JuAyLarnUdx5cRYT1v7M/JuAyLarnUdx5cRYT1v7M-sub_10003820.json
4rQn1u9Ygp2ZahEk8mM6/4rQn1u9Ygp2ZahEk8mM6-sub_408018.json
iCnEzomH19dKjvfZQ4g8/iCnEzomH19dKjvfZQ4g8-sub_404D8F.json
0WQtf1pNPdRqUI7KJFAT/0WQtf1pNPdRqUI7KJFAT-rtn_9.json
85lCRjIZmV670qYBJSNo/85lCRjIZmV670qYBJSNo-sub_42F01C.json
iPFa4r6moSNthpqB2RDV/iPFa4r6moSNthpqB2RDV-sub_401000.json
JatHiWwG3Amc6VTXuSqC/JatHiWwG3Amc6VTXuSqC-sub_101DEA6.json
E8vGptxQ9XyHZ3RiJoD0/E8vGptxQ9XyHZ3RiJoD0-sub_10010100.json
iCnEzomH19dKjvfZQ4g8/iCnEzomH19dKjvfZQ4g8-sub_40F14F.json
9DiHIregYkyCL3lzNvtJ/9DiHIregYkyCL3lzNvtJ-sub_40247D.json
Bgd518FpSGfwvekMYxUR/Bgd518FpSGfwvekMYxUR-rtn_15.json
7rIRLujKkM9NAsDd5Etc/7rIRLujKkM9NAsDd5Etc-rtn_46.json
iPFa4r6moSNthpqB2RDV/iPFa4r6moSNthpqB2RDV-sub_40368B.json
iCnEzomH19dKjvfZQ4g8/iCnEzomH19dKjvfZQ4g8-sub_419520.json
4o0CMefnHO3xUI8XYVbW/4o0CMefnHO3xUI8XYVbW-sub_401700.json
iCnEzomH19dKjvfZQ4g8/iCnEzomH19dKjvfZQ4g8-sub_40AB3F.json
Bgd518FpSGfwvekMYxUR/Bgd518FpSGfwvekMYxUR-sub_40DAE0.json
JuAyLarnUdx5cRYT1v7M/JuAyLarnUdx5cRYT1v7M-sub_100016D8.json
iCnEzomH19dKjvfZQ4g8/iCnEzomH19dKjvfZQ4g8-sub_40E5BE.json
E8vGptxQ9XyHZ3RiJoD0/E8vGptxQ9XyHZ3RiJoD0-sub_10055CE0.json
J8EvIQbVSYOXxKC4wgd5/J8EvIQbVSYOXxKC4wgd5-rtn_33.json
ebcREpnCkZU65oBVHTj7/ebcREpnCkZU65oBVHTj7-sub_402704.json
9DiHIregYkyCL3lzNvtJ/9DiHIregYkyCL3lzNvtJ-rtn_20.json
85lCRjIZmV670qYBJSNo/85lCRjIZmV670qYBJSNo-sub_441B3C.json
JatHiWwG3Amc6VTXuSqC/JatHiWwG3Amc6VTXuSqC-sub_101DFD6.json
0WQtf1pNPdRqUI7KJFAT/0WQtf1pNPdRqUI7KJFAT-sub_40FFB0.json
iPFa4r6moSNthpqB2RDV/iPFa4r6moSNthpqB2RDV-sub_40193D.json
9ldBHV2NJysZCeurLcam/9ldBHV2NJysZCeurLcam-sub_100243BE.json
Gq5fwFsb7cHlhy2zTO9I/Gq5fwFsb7cHlhy2zTO9I-sub_40DAF2.json
85lCRjIZmV670qYBJSNo/85lCRjIZmV670qYBJSNo-rtn_295.json
cYQ7s8Kei2VALkgHlJGb/cYQ7s8Kei2VALkgHlJGb-rtn_0.json
Gq5fwFsb7cHlhy2zTO9I/Gq5fwFsb7cHlhy2zTO9I-sub_40AA25.json
Bgd518FpSGfwvekMYxUR/Bgd518FpSGfwvekMYxUR-sub_4016E0.json
iCnEzomH19dKjvfZQ4g8/iCnEzomH19dKjvfZQ4g8-rtn_10.json
iPFa4r6moSNthpqB2RDV/iPFa4r6moSNthpqB2RDV-sub_4027C9.json
1wzULSbfxGolZhD4XIAs/1wzULSbfxGolZhD4XIAs-rtn_2.json
E8vGptxQ9XyHZ3RiJoD0/E8vGptxQ9XyHZ3RiJoD0-sub_10020864.json
E8vGptxQ9XyHZ3RiJoD0/E8vGptxQ9XyHZ3RiJoD0-sub_1001F8DD.json
E8vGptxQ9XyHZ3RiJoD0/E8vGptxQ9XyHZ3RiJoD0-sub_100147C0.json
Bgd518FpSGfwvekMYxUR/Bgd518FpSGfwvekMYxUR-rtn_34.json
0WQtf1pNPdRqUI7KJFAT/0WQtf1pNPdRqUI7KJFAT-sub_403830.json
Gq5fwFsb7cHlhy2zTO9I/Gq5fwFsb7cHlhy2zTO9I-rtn_44.json
iCnEzomH19dKjvfZQ4g8/iCnEzomH19dKjvfZQ4g8-sub_40EC1D.json
0WQtf1pNPdRqUI7KJFAT/0WQtf1pNPdRqUI7KJFAT-sub_4030B0.json
iCnEzomH19dKjvfZQ4g8/iCnEzomH19dKjvfZQ4g8-sub_40FDAB.json
Gq5fwFsb7cHlhy2zTO9I/Gq5fwFsb7cHlhy2zTO9I-sub_4034B0.json
J8EvIQbVSYOXxKC4wgd5/J8EvIQbVSYOXxKC4wgd5-sub_10001B0F.json
iCnEzomH19dKjvfZQ4g8/iCnEzomH19dKjvfZQ4g8-sub_410D04.json
7rIRLujKkM9NAsDd5Etc/7rIRLujKkM9NAsDd5Etc-rtn_93.json
jcx2FgPBbYqshUNvkID8/jcx2FgPBbYqshUNvkID8-rtn_6.json
E8vGptxQ9XyHZ3RiJoD0/E8vGptxQ9XyHZ3RiJoD0-sub_10034ED0.json
9ldBHV2NJysZCeurLcam/9ldBHV2NJysZCeurLcam-sub_10004C70.json
9ldBHV2NJysZCeurLcam/9ldBHV2NJysZCeurLcam-sub_100086E0.json
jcx2FgPBbYqshUNvkID8/jcx2FgPBbYqshUNvkID8-rtn_0.json
AkMBjErNyVGnWaouCQZf/AkMBjErNyVGnWaouCQZf-sub_4090EA.json
Gq5fwFsb7cHlhy2zTO9I/Gq5fwFsb7cHlhy2zTO9I-sub_4092C0.json
7rIRLujKkM9NAsDd5Etc/7rIRLujKkM9NAsDd5Etc-sub_40787D.json
7rIRLujKkM9NAsDd5Etc/7rIRLujKkM9NAsDd5Etc-rtn_111.json
E8vGptxQ9XyHZ3RiJoD0/E8vGptxQ9XyHZ3RiJoD0-sub_10024AD0.json
E8vGptxQ9XyHZ3RiJoD0/E8vGptxQ9XyHZ3RiJoD0-sub_10018DA0.json
JuAyLarnUdx5cRYT1v7M/JuAyLarnUdx5cRYT1v7M-sub_1000691C.json
Gq5fwFsb7cHlhy2zTO9I/Gq5fwFsb7cHlhy2zTO9I-sub_4036B0.json
iPFa4r6moSNthpqB2RDV/iPFa4r6moSNthpqB2RDV-rtn_23.json
E8vGptxQ9XyHZ3RiJoD0/E8vGptxQ9XyHZ3RiJoD0-sub_10044ED0.json
E8vGptxQ9XyHZ3RiJoD0/E8vGptxQ9XyHZ3RiJoD0-rtn_71.json
85lCRjIZmV670qYBJSNo/85lCRjIZmV670qYBJSNo-sub_43FB6B.json
85lCRjIZmV670qYBJSNo/85lCRjIZmV670qYBJSNo-sub_43F6D0.json
er3fFEimPIGXOdHL4tx1/er3fFEimPIGXOdHL4tx1-start.json
ADzc7SVJd1YE69kCZv5y/ADzc7SVJd1YE69kCZv5y-sub_403440.json
FP7u6VsNE8m1GCjBiXfS/FP7u6VsNE8m1GCjBiXfS-sub_402CF4.json
87DkeyGYrEq3xpKFh9SO/87DkeyGYrEq3xpKFh9SO-sub_14401F70.json
7rIRLujKkM9NAsDd5Etc/7rIRLujKkM9NAsDd5Etc-rtn_24.json
Gq5fwFsb7cHlhy2zTO9I/Gq5fwFsb7cHlhy2zTO9I-sub_401BF0.json
iCnEzomH19dKjvfZQ4g8/iCnEzomH19dKjvfZQ4g8-sub_4019C0.json
9DiHIregYkyCL3lzNvtJ/9DiHIregYkyCL3lzNvtJ-sub_4065C6.json
Gq5fwFsb7cHlhy2zTO9I/Gq5fwFsb7cHlhy2zTO9I-sub_40CA5F.json
JuAyLarnUdx5cRYT1v7M/JuAyLarnUdx5cRYT1v7M-sub_10007733.json
4rQn1u9Ygp2ZahEk8mM6/4rQn1u9Ygp2ZahEk8mM6-sub_408158.json
htBbipHlj8Cvzsye310U/htBbipHlj8Cvzsye310U-sub_413302.json
iCnEzomH19dKjvfZQ4g8/iCnEzomH19dKjvfZQ4g8-sub_40BD66.json
FP7u6VsNE8m1GCjBiXfS/FP7u6VsNE8m1GCjBiXfS-sub_4035E1.json
iCnEzomH19dKjvfZQ4g8/iCnEzomH19dKjvfZQ4g8-sub_407718.json
idDSEvTsVqZhI7MlKnGu/idDSEvTsVqZhI7MlKnGu-rtn_2.json
FWurwNEfVxvT43HbLyid/FWurwNEfVxvT43HbLyid-sub_405C27.json
Gq5fwFsb7cHlhy2zTO9I/Gq5fwFsb7cHlhy2zTO9I-sub_40D92C.json
7DLNKwxjz5AoPZtcXrHB/7DLNKwxjz5AoPZtcXrHB-sub_15807256.json
Gq5fwFsb7cHlhy2zTO9I/Gq5fwFsb7cHlhy2zTO9I-sub_40DE40.json
E8vGptxQ9XyHZ3RiJoD0/E8vGptxQ9XyHZ3RiJoD0-sub_10015A40.json
E8vGptxQ9XyHZ3RiJoD0/E8vGptxQ9XyHZ3RiJoD0-sub_1002A070.json
BOeTymAhdfoYM23aj5Xr/BOeTymAhdfoYM23aj5Xr-sub_402F4E.json
Gq5fwFsb7cHlhy2zTO9I/Gq5fwFsb7cHlhy2zTO9I-sub_416360.json
Gq5fwFsb7cHlhy2zTO9I/Gq5fwFsb7cHlhy2zTO9I-sub_4174E0.json
jcx2FgPBbYqshUNvkID8/jcx2FgPBbYqshUNvkID8-sub_40674E.json
FWurwNEfVxvT43HbLyid/FWurwNEfVxvT43HbLyid-sub_403BA3.json
Bgd518FpSGfwvekMYxUR/Bgd518FpSGfwvekMYxUR-sub_401080.json
87DkeyGYrEq3xpKFh9SO/87DkeyGYrEq3xpKFh9SO-rtn_6.json
ebcREpnCkZU65oBVHTj7/ebcREpnCkZU65oBVHTj7-rtn_7.json
7DLNKwxjz5AoPZtcXrHB/7DLNKwxjz5AoPZtcXrHB-sub_158051D6.json
0WQtf1pNPdRqUI7KJFAT/0WQtf1pNPdRqUI7KJFAT-sub_403D60.json
fE8nLpWCmaTtuvchbR1I/fE8nLpWCmaTtuvchbR1I-rtn_10.json
E8vGptxQ9XyHZ3RiJoD0/E8vGptxQ9XyHZ3RiJoD0-sub_10025BB0.json
85lCRjIZmV670qYBJSNo/85lCRjIZmV670qYBJSNo-rtn_159.json
3REs6WCVf9hwnoFz1Ykc/3REs6WCVf9hwnoFz1Ykc-sub_4050A7.json
9DiHIregYkyCL3lzNvtJ/9DiHIregYkyCL3lzNvtJ-sub_4039C9.json
4o0CMefnHO3xUI8XYVbW/4o0CMefnHO3xUI8XYVbW-sub_411308.json
BOeTymAhdfoYM23aj5Xr/BOeTymAhdfoYM23aj5Xr-sub_4035E1.json
85lCRjIZmV670qYBJSNo/85lCRjIZmV670qYBJSNo-sub_428DE5.json
7DLNKwxjz5AoPZtcXrHB/7DLNKwxjz5AoPZtcXrHB-sub_15802AAB.json
4rQn1u9Ygp2ZahEk8mM6/4rQn1u9Ygp2ZahEk8mM6-sub_40218F.json
Bgd518FpSGfwvekMYxUR/Bgd518FpSGfwvekMYxUR-rtn_67.json
E8vGptxQ9XyHZ3RiJoD0/E8vGptxQ9XyHZ3RiJoD0-sub_1003C510.json
cYQ7s8Kei2VALkgHlJGb/cYQ7s8Kei2VALkgHlJGb-sub_54292A.json
E8vGptxQ9XyHZ3RiJoD0/E8vGptxQ9XyHZ3RiJoD0-sub_1001BC35.json
iCnEzomH19dKjvfZQ4g8/iCnEzomH19dKjvfZQ4g8-sub_40F6C6.json
87DkeyGYrEq3xpKFh9SO/87DkeyGYrEq3xpKFh9SO-sub_14401760.json
h58VsWF3CjNwgxZenm7l/h58VsWF3CjNwgxZenm7l-rtn_3.json
Bgd518FpSGfwvekMYxUR/Bgd518FpSGfwvekMYxUR-sub_407DD0.json
Bgd518FpSGfwvekMYxUR/Bgd518FpSGfwvekMYxUR-rtn_11.json
85lCRjIZmV670qYBJSNo/85lCRjIZmV670qYBJSNo-sub_442856.json
htBbipHlj8Cvzsye310U/htBbipHlj8Cvzsye310U-sub_4287D1.json
htBbipHlj8Cvzsye310U/htBbipHlj8Cvzsye310U-sub_42470F.json
85lCRjIZmV670qYBJSNo/85lCRjIZmV670qYBJSNo-sub_429473.json
85lCRjIZmV670qYBJSNo/85lCRjIZmV670qYBJSNo-sub_405370.json
Gq5fwFsb7cHlhy2zTO9I/Gq5fwFsb7cHlhy2zTO9I-sub_40C7E3.json
EVxmNT7dKfBMebuyaRkg/EVxmNT7dKfBMebuyaRkg-sub_100061D9.json
iCnEzomH19dKjvfZQ4g8/iCnEzomH19dKjvfZQ4g8-rtn_2.json
EVxmNT7dKfBMebuyaRkg/EVxmNT7dKfBMebuyaRkg-sub_100053EC.json
0WQtf1pNPdRqUI7KJFAT/0WQtf1pNPdRqUI7KJFAT-rtn_45.json
E8vGptxQ9XyHZ3RiJoD0/E8vGptxQ9XyHZ3RiJoD0-sub_1000FE30.json
85lCRjIZmV670qYBJSNo/85lCRjIZmV670qYBJSNo-rtn_310.json
iCnEzomH19dKjvfZQ4g8/iCnEzomH19dKjvfZQ4g8-sub_41181D.json
Cvi1y2efF0AhORZ75uNK/Cvi1y2efF0AhORZ75uNK-sub_405E08.json
iCnEzomH19dKjvfZQ4g8/iCnEzomH19dKjvfZQ4g8-sub_40A793.json
dHUq5yM8w0LND9PaepZY/dHUq5yM8w0LND9PaepZY-rtn_15.json
ADzc7SVJd1YE69kCZv5y/ADzc7SVJd1YE69kCZv5y-rtn_38.json
J8EvIQbVSYOXxKC4wgd5/J8EvIQbVSYOXxKC4wgd5-rtn_14.json
E8vGptxQ9XyHZ3RiJoD0/E8vGptxQ9XyHZ3RiJoD0-sub_1001F331.json
eNhamfpF47A0WXjSiTqk/eNhamfpF47A0WXjSiTqk-rtn_11.json
85lCRjIZmV670qYBJSNo/85lCRjIZmV670qYBJSNo-sub_439220.json
EVxmNT7dKfBMebuyaRkg/EVxmNT7dKfBMebuyaRkg-rtn_22.json
0WQtf1pNPdRqUI7KJFAT/0WQtf1pNPdRqUI7KJFAT-rtn_39.json
AkMBjErNyVGnWaouCQZf/AkMBjErNyVGnWaouCQZf-rtn_41.json
E8vGptxQ9XyHZ3RiJoD0/E8vGptxQ9XyHZ3RiJoD0-sub_1003DF40.json
9ldBHV2NJysZCeurLcam/9ldBHV2NJysZCeurLcam-sub_10009350.json
AkMBjErNyVGnWaouCQZf/AkMBjErNyVGnWaouCQZf-sub_40F3E0.json
iCnEzomH19dKjvfZQ4g8/iCnEzomH19dKjvfZQ4g8-rtn_5.json
E8vGptxQ9XyHZ3RiJoD0/E8vGptxQ9XyHZ3RiJoD0-sub_10028C10.json
1FacC02JPfxSdXeD7MEw/1FacC02JPfxSdXeD7MEw-rtn_3.json
7rIRLujKkM9NAsDd5Etc/7rIRLujKkM9NAsDd5Etc-rtn_21.json
E8vGptxQ9XyHZ3RiJoD0/E8vGptxQ9XyHZ3RiJoD0-sub_1003CA80.json
AeCXyFRcU2SsgvVTpMzi/AeCXyFRcU2SsgvVTpMzi-rtn_6.json
Bgd518FpSGfwvekMYxUR/Bgd518FpSGfwvekMYxUR-sub_407680.json
1JiaRhjycfZb8BpmX4TM/1JiaRhjycfZb8BpmX4TM-sub_404FC5.json
AkMBjErNyVGnWaouCQZf/AkMBjErNyVGnWaouCQZf-sub_44B794.json
htBbipHlj8Cvzsye310U/htBbipHlj8Cvzsye310U-sub_41B965.json
9ldBHV2NJysZCeurLcam/9ldBHV2NJysZCeurLcam-sub_1000D6C0.json
JuAyLarnUdx5cRYT1v7M/JuAyLarnUdx5cRYT1v7M-sub_1000BA0E.json
E8vGptxQ9XyHZ3RiJoD0/E8vGptxQ9XyHZ3RiJoD0-rtn_107.json
E8vGptxQ9XyHZ3RiJoD0/E8vGptxQ9XyHZ3RiJoD0-sub_10014FE0.json
cIojVJGQOtrL0S1ApeDY/cIojVJGQOtrL0S1ApeDY-start.json
htBbipHlj8Cvzsye310U/htBbipHlj8Cvzsye310U-sub_41C6D7.json
iCnEzomH19dKjvfZQ4g8/iCnEzomH19dKjvfZQ4g8-sub_40EDBA.json
aUufGnCVsQDZogv7wHiN/aUufGnCVsQDZogv7wHiN-rtn_5.json
85lCRjIZmV670qYBJSNo/85lCRjIZmV670qYBJSNo-sub_444E11.json
6Jrdwx7NlTG4HuOYPvBn/6Jrdwx7NlTG4HuOYPvBn-rtn_33.json
ADzc7SVJd1YE69kCZv5y/ADzc7SVJd1YE69kCZv5y-rtn_44.json
iCnEzomH19dKjvfZQ4g8/iCnEzomH19dKjvfZQ4g8-sub_406B8C.json
85lCRjIZmV670qYBJSNo/85lCRjIZmV670qYBJSNo-sub_438DC7.json
iCnEzomH19dKjvfZQ4g8/iCnEzomH19dKjvfZQ4g8-sub_40A5EF.json
Gq5fwFsb7cHlhy2zTO9I/Gq5fwFsb7cHlhy2zTO9I-sub_4087D6.json
6B2JSV7e5Ik8lAM9WqPG/6B2JSV7e5Ik8lAM9WqPG-rtn_1.json
chIxPYzG7tBTm9AXDgUC/chIxPYzG7tBTm9AXDgUC-sub_40414F.json
3GqJEuYK9nlZTe8VtH5j/3GqJEuYK9nlZTe8VtH5j-sub_404432.json
iCnEzomH19dKjvfZQ4g8/iCnEzomH19dKjvfZQ4g8-sub_4081F3.json
E8vGptxQ9XyHZ3RiJoD0/E8vGptxQ9XyHZ3RiJoD0-rtn_83.json
E8vGptxQ9XyHZ3RiJoD0/E8vGptxQ9XyHZ3RiJoD0-sub_1001C4E2.json
85lCRjIZmV670qYBJSNo/85lCRjIZmV670qYBJSNo-sub_42F70B.json
E8vGptxQ9XyHZ3RiJoD0/E8vGptxQ9XyHZ3RiJoD0-sub_10056D20.json
cYQ7s8Kei2VALkgHlJGb/cYQ7s8Kei2VALkgHlJGb-sub_540B04.json
4rQn1u9Ygp2ZahEk8mM6/4rQn1u9Ygp2ZahEk8mM6-sub_406183.json
eNhamfpF47A0WXjSiTqk/eNhamfpF47A0WXjSiTqk-sub_40AD40.json
iCnEzomH19dKjvfZQ4g8/iCnEzomH19dKjvfZQ4g8-sub_410F99.json
cYQ7s8Kei2VALkgHlJGb/cYQ7s8Kei2VALkgHlJGb-sub_540548.json
Gq5fwFsb7cHlhy2zTO9I/Gq5fwFsb7cHlhy2zTO9I-sub_40DF5E.json
85lCRjIZmV670qYBJSNo/85lCRjIZmV670qYBJSNo-sub_426BE7.json
1JiaRhjycfZb8BpmX4TM/1JiaRhjycfZb8BpmX4TM-rtn_3.json
Gq5fwFsb7cHlhy2zTO9I/Gq5fwFsb7cHlhy2zTO9I-sub_4178F0.json
Gq5fwFsb7cHlhy2zTO9I/Gq5fwFsb7cHlhy2zTO9I-sub_40F3F0.json
7rIRLujKkM9NAsDd5Etc/7rIRLujKkM9NAsDd5Etc-rtn_43.json
85lCRjIZmV670qYBJSNo/85lCRjIZmV670qYBJSNo-sub_433CC0.json
85lCRjIZmV670qYBJSNo/85lCRjIZmV670qYBJSNo-sub_42E1DC.json
1JiaRhjycfZb8BpmX4TM/1JiaRhjycfZb8BpmX4TM-sub_40414F.json
EVxmNT7dKfBMebuyaRkg/EVxmNT7dKfBMebuyaRkg-sub_100038AB.json
fE8nLpWCmaTtuvchbR1I/fE8nLpWCmaTtuvchbR1I-sub_4025E0.json
Gq5fwFsb7cHlhy2zTO9I/Gq5fwFsb7cHlhy2zTO9I-sub_401D10.json
eNhamfpF47A0WXjSiTqk/eNhamfpF47A0WXjSiTqk-sub_4084A0.json
idDSEvTsVqZhI7MlKnGu/idDSEvTsVqZhI7MlKnGu-sub_10001552.json
4rQn1u9Ygp2ZahEk8mM6/4rQn1u9Ygp2ZahEk8mM6-sub_404AFA.json
4rQn1u9Ygp2ZahEk8mM6/4rQn1u9Ygp2ZahEk8mM6-rtn_15.json
idDSEvTsVqZhI7MlKnGu/idDSEvTsVqZhI7MlKnGu-rtn_0.json
85lCRjIZmV670qYBJSNo/85lCRjIZmV670qYBJSNo-rtn_73.json
JuAyLarnUdx5cRYT1v7M/JuAyLarnUdx5cRYT1v7M-sub_10001961.json
4rQn1u9Ygp2ZahEk8mM6/4rQn1u9Ygp2ZahEk8mM6-sub_404FC8.json
E8vGptxQ9XyHZ3RiJoD0/E8vGptxQ9XyHZ3RiJoD0-sub_1001CBEA.json
iCnEzomH19dKjvfZQ4g8/iCnEzomH19dKjvfZQ4g8-rtn_22.json
87DkeyGYrEq3xpKFh9SO/87DkeyGYrEq3xpKFh9SO-rtn_2.json
4rQn1u9Ygp2ZahEk8mM6/4rQn1u9Ygp2ZahEk8mM6-sub_40107E.json
eNhamfpF47A0WXjSiTqk/eNhamfpF47A0WXjSiTqk-sub_40A240.json
iCnEzomH19dKjvfZQ4g8/iCnEzomH19dKjvfZQ4g8-sub_407B4A.json
E8vGptxQ9XyHZ3RiJoD0/E8vGptxQ9XyHZ3RiJoD0-sub_10011620.json
jcx2FgPBbYqshUNvkID8/jcx2FgPBbYqshUNvkID8-sub_408B54.json
Gq5fwFsb7cHlhy2zTO9I/Gq5fwFsb7cHlhy2zTO9I-sub_404CD0.json
85lCRjIZmV670qYBJSNo/85lCRjIZmV670qYBJSNo-rtn_313.json
E8vGptxQ9XyHZ3RiJoD0/E8vGptxQ9XyHZ3RiJoD0-sub_10022888.json
85lCRjIZmV670qYBJSNo/85lCRjIZmV670qYBJSNo-sub_443033.json
fE8nLpWCmaTtuvchbR1I/fE8nLpWCmaTtuvchbR1I-rtn_9.json
E8vGptxQ9XyHZ3RiJoD0/E8vGptxQ9XyHZ3RiJoD0-sub_10012D00.json
JuAyLarnUdx5cRYT1v7M/JuAyLarnUdx5cRYT1v7M-sub_100059E5.json
J8EvIQbVSYOXxKC4wgd5/J8EvIQbVSYOXxKC4wgd5-rtn_13.json
4o0CMefnHO3xUI8XYVbW/4o0CMefnHO3xUI8XYVbW-rtn_31.json
E8vGptxQ9XyHZ3RiJoD0/E8vGptxQ9XyHZ3RiJoD0-sub_10023AC1.json
JatHiWwG3Amc6VTXuSqC/JatHiWwG3Amc6VTXuSqC-sub_101E290.json
htBbipHlj8Cvzsye310U/htBbipHlj8Cvzsye310U-sub_41A072.json
9ldBHV2NJysZCeurLcam/9ldBHV2NJysZCeurLcam-sub_1000A4F0.json
4rQn1u9Ygp2ZahEk8mM6/4rQn1u9Ygp2ZahEk8mM6-sub_40735B.json
JatHiWwG3Amc6VTXuSqC/JatHiWwG3Amc6VTXuSqC-sub_101F2EE.json
E8vGptxQ9XyHZ3RiJoD0/E8vGptxQ9XyHZ3RiJoD0-sub_100526C0.json
3m8kb5ILPrHcMC1o9Nht/3m8kb5ILPrHcMC1o9Nht-start.json
1FacC02JPfxSdXeD7MEw/1FacC02JPfxSdXeD7MEw-rtn_10.json
E8vGptxQ9XyHZ3RiJoD0/E8vGptxQ9XyHZ3RiJoD0-sub_10028460.json
9ldBHV2NJysZCeurLcam/9ldBHV2NJysZCeurLcam-sub_1000E740.json
0WQtf1pNPdRqUI7KJFAT/0WQtf1pNPdRqUI7KJFAT-rtn_24.json
6B2JSV7e5Ik8lAM9WqPG/6B2JSV7e5Ik8lAM9WqPG-sub_4012A9.json
9ldBHV2NJysZCeurLcam/9ldBHV2NJysZCeurLcam-sub_10013130.json
bGPHZFpAL3N957064wzj/bGPHZFpAL3N957064wzj-rtn_2.json
ebcREpnCkZU65oBVHTj7/ebcREpnCkZU65oBVHTj7-rtn_27.json
85lCRjIZmV670qYBJSNo/85lCRjIZmV670qYBJSNo-rtn_129.json
9ldBHV2NJysZCeurLcam/9ldBHV2NJysZCeurLcam-sub_100030F0.json
85lCRjIZmV670qYBJSNo/85lCRjIZmV670qYBJSNo-sub_443910.json
85lCRjIZmV670qYBJSNo/85lCRjIZmV670qYBJSNo-sub_44119D.json
E8vGptxQ9XyHZ3RiJoD0/E8vGptxQ9XyHZ3RiJoD0-sub_10016890.json
JuAyLarnUdx5cRYT1v7M/JuAyLarnUdx5cRYT1v7M-sub_10008E6C.json
cYQ7s8Kei2VALkgHlJGb/cYQ7s8Kei2VALkgHlJGb-rtn_4.json
Gq5fwFsb7cHlhy2zTO9I/Gq5fwFsb7cHlhy2zTO9I-sub_40B708.json
Bgd518FpSGfwvekMYxUR/Bgd518FpSGfwvekMYxUR-rtn_18.json
4rQn1u9Ygp2ZahEk8mM6/4rQn1u9Ygp2ZahEk8mM6-sub_405966.json
EVxmNT7dKfBMebuyaRkg/EVxmNT7dKfBMebuyaRkg-sub_10008A85.json
E8vGptxQ9XyHZ3RiJoD0/E8vGptxQ9XyHZ3RiJoD0-rtn_118.json
9ldBHV2NJysZCeurLcam/9ldBHV2NJysZCeurLcam-rtn_23.json
0WQtf1pNPdRqUI7KJFAT/0WQtf1pNPdRqUI7KJFAT-sub_41D823.json
85lCRjIZmV670qYBJSNo/85lCRjIZmV670qYBJSNo-sub_4474C6.json
Gq5fwFsb7cHlhy2zTO9I/Gq5fwFsb7cHlhy2zTO9I-sub_40EA6C.json
85lCRjIZmV670qYBJSNo/85lCRjIZmV670qYBJSNo-sub_44587D.json
E8vGptxQ9XyHZ3RiJoD0/E8vGptxQ9XyHZ3RiJoD0-sub_100108F0.json
ewsfhA3Dunp49SFNMoVR/ewsfhA3Dunp49SFNMoVR-sub_477098.json
eNhamfpF47A0WXjSiTqk/eNhamfpF47A0WXjSiTqk-sub_40A470.json
AeCXyFRcU2SsgvVTpMzi/AeCXyFRcU2SsgvVTpMzi-rtn_9.json
jMAU1E9sFQl8JrTq3xeP/jMAU1E9sFQl8JrTq3xeP-rtn_3.json
4rQn1u9Ygp2ZahEk8mM6/4rQn1u9Ygp2ZahEk8mM6-sub_4052A9.json
Gq5fwFsb7cHlhy2zTO9I/Gq5fwFsb7cHlhy2zTO9I-sub_413BA0.json
6Jrdwx7NlTG4HuOYPvBn/6Jrdwx7NlTG4HuOYPvBn-sub_41D4F7.json
9ldBHV2NJysZCeurLcam/9ldBHV2NJysZCeurLcam-rtn_24.json
85lCRjIZmV670qYBJSNo/85lCRjIZmV670qYBJSNo-sub_447A08.json
85lCRjIZmV670qYBJSNo/85lCRjIZmV670qYBJSNo-rtn_262.json
htBbipHlj8Cvzsye310U/htBbipHlj8Cvzsye310U-sub_428FD8.json
EVxmNT7dKfBMebuyaRkg/EVxmNT7dKfBMebuyaRkg-rtn_0.json
85lCRjIZmV670qYBJSNo/85lCRjIZmV670qYBJSNo-rtn_69.json
DNBtPALuVrzM0Cd3mwcl/DNBtPALuVrzM0Cd3mwcl-rtn_0.json
EVxmNT7dKfBMebuyaRkg/EVxmNT7dKfBMebuyaRkg-sub_1000B078.json
9ldBHV2NJysZCeurLcam/9ldBHV2NJysZCeurLcam-sub_10012360.json
htBbipHlj8Cvzsye310U/htBbipHlj8Cvzsye310U-sub_41E564.json
85lCRjIZmV670qYBJSNo/85lCRjIZmV670qYBJSNo-rtn_17.json
Bgd518FpSGfwvekMYxUR/Bgd518FpSGfwvekMYxUR-rtn_22.json
Gq5fwFsb7cHlhy2zTO9I/Gq5fwFsb7cHlhy2zTO9I-sub_40CB51.json
4rQn1u9Ygp2ZahEk8mM6/4rQn1u9Ygp2ZahEk8mM6-sub_406950.json
85lCRjIZmV670qYBJSNo/85lCRjIZmV670qYBJSNo-sub_44A07F.json
7DLNKwxjz5AoPZtcXrHB/7DLNKwxjz5AoPZtcXrHB-sub_15802DDF.json
1wzULSbfxGolZhD4XIAs/1wzULSbfxGolZhD4XIAs-sub_5409DC.json
htBbipHlj8Cvzsye310U/htBbipHlj8Cvzsye310U-sub_40A0FD.json
85lCRjIZmV670qYBJSNo/85lCRjIZmV670qYBJSNo-sub_43EBEE.json
E8vGptxQ9XyHZ3RiJoD0/E8vGptxQ9XyHZ3RiJoD0-sub_10016390.json
JuAyLarnUdx5cRYT1v7M/JuAyLarnUdx5cRYT1v7M-sub_100084B5.json
JuAyLarnUdx5cRYT1v7M/JuAyLarnUdx5cRYT1v7M-sub_1000ACF8.json
8jYo6TrpmwN2BGyEgsKd/8jYo6TrpmwN2BGyEgsKd-rtn_1.json
E8vGptxQ9XyHZ3RiJoD0/E8vGptxQ9XyHZ3RiJoD0-sub_10039D40.json
85lCRjIZmV670qYBJSNo/85lCRjIZmV670qYBJSNo-sub_435580.json
eNhamfpF47A0WXjSiTqk/eNhamfpF47A0WXjSiTqk-sub_40B1E0.json
EVxmNT7dKfBMebuyaRkg/EVxmNT7dKfBMebuyaRkg-sub_10005B95.json
ADzc7SVJd1YE69kCZv5y/ADzc7SVJd1YE69kCZv5y-rtn_23.json
JuAyLarnUdx5cRYT1v7M/JuAyLarnUdx5cRYT1v7M-sub_10007F00.json
85lCRjIZmV670qYBJSNo/85lCRjIZmV670qYBJSNo-sub_42FBBC.json
Bgd518FpSGfwvekMYxUR/Bgd518FpSGfwvekMYxUR-rtn_6.json
9ldBHV2NJysZCeurLcam/9ldBHV2NJysZCeurLcam-sub_1000B260.json
cYQ7s8Kei2VALkgHlJGb/cYQ7s8Kei2VALkgHlJGb-rtn_2.json
85lCRjIZmV670qYBJSNo/85lCRjIZmV670qYBJSNo-sub_434A08.json
0WQtf1pNPdRqUI7KJFAT/0WQtf1pNPdRqUI7KJFAT-sub_41DD67.json
ADzc7SVJd1YE69kCZv5y/ADzc7SVJd1YE69kCZv5y-sub_41D823.json
ADzc7SVJd1YE69kCZv5y/ADzc7SVJd1YE69kCZv5y-sub_41DD67.json
E8vGptxQ9XyHZ3RiJoD0/E8vGptxQ9XyHZ3RiJoD0-sub_10043A90.json
9ldBHV2NJysZCeurLcam/9ldBHV2NJysZCeurLcam-sub_1000C010.json
JuAyLarnUdx5cRYT1v7M/JuAyLarnUdx5cRYT1v7M-sub_100069D0.json
FWurwNEfVxvT43HbLyid/FWurwNEfVxvT43HbLyid-rtn_9.json
JuAyLarnUdx5cRYT1v7M/JuAyLarnUdx5cRYT1v7M-sub_100093AE.json
E8vGptxQ9XyHZ3RiJoD0/E8vGptxQ9XyHZ3RiJoD0-rtn_35.json
idDSEvTsVqZhI7MlKnGu/idDSEvTsVqZhI7MlKnGu-rtn_8.json
iCnEzomH19dKjvfZQ4g8/iCnEzomH19dKjvfZQ4g8-sub_419050.json
Gq5fwFsb7cHlhy2zTO9I/Gq5fwFsb7cHlhy2zTO9I-sub_406570.json
85lCRjIZmV670qYBJSNo/85lCRjIZmV670qYBJSNo-sub_43E290.json
EVxmNT7dKfBMebuyaRkg/EVxmNT7dKfBMebuyaRkg-sub_10007332.json
hrguW0CqMt2mJdfvX8IB/hrguW0CqMt2mJdfvX8IB-rtn_15.json
85lCRjIZmV670qYBJSNo/85lCRjIZmV670qYBJSNo-sub_4485E4.json
85lCRjIZmV670qYBJSNo/85lCRjIZmV670qYBJSNo-sub_42ADBD.json
4o0CMefnHO3xUI8XYVbW/4o0CMefnHO3xUI8XYVbW-rtn_16.json
E8vGptxQ9XyHZ3RiJoD0/E8vGptxQ9XyHZ3RiJoD0-sub_100072C0.json
6Jrdwx7NlTG4HuOYPvBn/6Jrdwx7NlTG4HuOYPvBn-rtn_15.json
ewsfhA3Dunp49SFNMoVR/ewsfhA3Dunp49SFNMoVR-rtn_1.json
DzCt290diLU3eKIExNpv/DzCt290diLU3eKIExNpv-sub_10006715.json
ADzc7SVJd1YE69kCZv5y/ADzc7SVJd1YE69kCZv5y-rtn_39.json
85lCRjIZmV670qYBJSNo/85lCRjIZmV670qYBJSNo-rtn_21.json
85lCRjIZmV670qYBJSNo/85lCRjIZmV670qYBJSNo-rtn_312.json
ADzc7SVJd1YE69kCZv5y/ADzc7SVJd1YE69kCZv5y-rtn_20.json
E8vGptxQ9XyHZ3RiJoD0/E8vGptxQ9XyHZ3RiJoD0-sub_1002A390.json
EVxmNT7dKfBMebuyaRkg/EVxmNT7dKfBMebuyaRkg-sub_1000A580.json
9DiHIregYkyCL3lzNvtJ/9DiHIregYkyCL3lzNvtJ-rtn_180.json
cYQ7s8Kei2VALkgHlJGb/cYQ7s8Kei2VALkgHlJGb-sub_540E5A.json
JuAyLarnUdx5cRYT1v7M/JuAyLarnUdx5cRYT1v7M-sub_100098F0.json
85lCRjIZmV670qYBJSNo/85lCRjIZmV670qYBJSNo-sub_441D14.json
7rIRLujKkM9NAsDd5Etc/7rIRLujKkM9NAsDd5Etc-rtn_147.json
6teIPpCrYKw0zFusDSix/6teIPpCrYKw0zFusDSix-rtn_8.json
85lCRjIZmV670qYBJSNo/85lCRjIZmV670qYBJSNo-rtn_316.json
0WQtf1pNPdRqUI7KJFAT/0WQtf1pNPdRqUI7KJFAT-rtn_21.json
Gq5fwFsb7cHlhy2zTO9I/Gq5fwFsb7cHlhy2zTO9I-sub_4147B0.json
iPFa4r6moSNthpqB2RDV/iPFa4r6moSNthpqB2RDV-rtn_29.json
cYQ7s8Kei2VALkgHlJGb/cYQ7s8Kei2VALkgHlJGb-sub_541C66.json
85lCRjIZmV670qYBJSNo/85lCRjIZmV670qYBJSNo-rtn_144.json
eNhamfpF47A0WXjSiTqk/eNhamfpF47A0WXjSiTqk-sub_408D00.json
E8vGptxQ9XyHZ3RiJoD0/E8vGptxQ9XyHZ3RiJoD0-sub_10032F10.json
0BZQIJak6Pu2tyAXfrzR/0BZQIJak6Pu2tyAXfrzR-rtn_0.json
85lCRjIZmV670qYBJSNo/85lCRjIZmV670qYBJSNo-rtn_306.json
85lCRjIZmV670qYBJSNo/85lCRjIZmV670qYBJSNo-rtn_78.json
6Jrdwx7NlTG4HuOYPvBn/6Jrdwx7NlTG4HuOYPvBn-rtn_34.json
85lCRjIZmV670qYBJSNo/85lCRjIZmV670qYBJSNo-sub_4396B4.json
0WQtf1pNPdRqUI7KJFAT/0WQtf1pNPdRqUI7KJFAT-rtn_40.json
FWurwNEfVxvT43HbLyid/FWurwNEfVxvT43HbLyid-rtn_37.json
JuAyLarnUdx5cRYT1v7M/JuAyLarnUdx5cRYT1v7M-sub_1000A11A.json
FdCMeDTY76jcz1EpqLhQ/FdCMeDTY76jcz1EpqLhQ-rtn_3.json
AeCXyFRcU2SsgvVTpMzi/AeCXyFRcU2SsgvVTpMzi-rtn_11.json
85lCRjIZmV670qYBJSNo/85lCRjIZmV670qYBJSNo-rtn_18.json
Gq5fwFsb7cHlhy2zTO9I/Gq5fwFsb7cHlhy2zTO9I-sub_40ADF8.json
2vzlFiPL03STnwtDhoCU/2vzlFiPL03STnwtDhoCU-sub_10006EFB.json
9ldBHV2NJysZCeurLcam/9ldBHV2NJysZCeurLcam-sub_10010DB0.json
85lCRjIZmV670qYBJSNo/85lCRjIZmV670qYBJSNo-sub_4465F0.json
9DiHIregYkyCL3lzNvtJ/9DiHIregYkyCL3lzNvtJ-start.json
85lCRjIZmV670qYBJSNo/85lCRjIZmV670qYBJSNo-rtn_138.json
h58VsWF3CjNwgxZenm7l/h58VsWF3CjNwgxZenm7l-sub_424E3F.json
E8vGptxQ9XyHZ3RiJoD0/E8vGptxQ9XyHZ3RiJoD0-sub_10059610.json
85lCRjIZmV670qYBJSNo/85lCRjIZmV670qYBJSNo-sub_448D6A.json
8pm2Rv3Feu4LEnKd7WMZ/8pm2Rv3Feu4LEnKd7WMZ-sub_540936.json
4o0CMefnHO3xUI8XYVbW/4o0CMefnHO3xUI8XYVbW-rtn_32.json
E8vGptxQ9XyHZ3RiJoD0/E8vGptxQ9XyHZ3RiJoD0-sub_10020A2A.json
EVxmNT7dKfBMebuyaRkg/EVxmNT7dKfBMebuyaRkg-sub_10009EC0.json
iCnEzomH19dKjvfZQ4g8/iCnEzomH19dKjvfZQ4g8-sub_417290.json
85lCRjIZmV670qYBJSNo/85lCRjIZmV670qYBJSNo-rtn_82.json
ADzc7SVJd1YE69kCZv5y/ADzc7SVJd1YE69kCZv5y-rtn_36.json
85lCRjIZmV670qYBJSNo/85lCRjIZmV670qYBJSNo-sub_430E1E.json
4o0CMefnHO3xUI8XYVbW/4o0CMefnHO3xUI8XYVbW-rtn_29.json
85lCRjIZmV670qYBJSNo/85lCRjIZmV670qYBJSNo-rtn_252.json
eNhamfpF47A0WXjSiTqk/eNhamfpF47A0WXjSiTqk-sub_406170.json
6teIPpCrYKw0zFusDSix/6teIPpCrYKw0zFusDSix-sub_5404F5.json
85lCRjIZmV670qYBJSNo/85lCRjIZmV670qYBJSNo-rtn_142.json
85lCRjIZmV670qYBJSNo/85lCRjIZmV670qYBJSNo-sub_43A23E.json
ewsfhA3Dunp49SFNMoVR/ewsfhA3Dunp49SFNMoVR-start.json
0WQtf1pNPdRqUI7KJFAT/0WQtf1pNPdRqUI7KJFAT-rtn_37.json
85lCRjIZmV670qYBJSNo/85lCRjIZmV670qYBJSNo-sub_43011D.json
85lCRjIZmV670qYBJSNo/85lCRjIZmV670qYBJSNo-rtn_90.json
85lCRjIZmV670qYBJSNo/85lCRjIZmV670qYBJSNo-rtn_30.json
6B2JSV7e5Ik8lAM9WqPG/6B2JSV7e5Ik8lAM9WqPG-start.json
85lCRjIZmV670qYBJSNo/85lCRjIZmV670qYBJSNo-rtn_140.json
85lCRjIZmV670qYBJSNo/85lCRjIZmV670qYBJSNo-sub_4375F4.json
E8vGptxQ9XyHZ3RiJoD0/E8vGptxQ9XyHZ3RiJoD0-sub_100581B0.json
6Jrdwx7NlTG4HuOYPvBn/6Jrdwx7NlTG4HuOYPvBn-rtn_31.json
0WQtf1pNPdRqUI7KJFAT/0WQtf1pNPdRqUI7KJFAT-rtn_36.json
6Jrdwx7NlTG4HuOYPvBn/6Jrdwx7NlTG4HuOYPvBn-rtn_30.json
fE8nLpWCmaTtuvchbR1I/fE8nLpWCmaTtuvchbR1I-rtn_19.json
ADzc7SVJd1YE69kCZv5y/ADzc7SVJd1YE69kCZv5y-rtn_35.json
7h32P6rADjMVEQuoOJIB/7h32P6rADjMVEQuoOJIB-start.json
6B2JSV7e5Ik8lAM9WqPG/6B2JSV7e5Ik8lAM9WqPG-rtn_2.json
85lCRjIZmV670qYBJSNo/85lCRjIZmV670qYBJSNo-rtn_83.json
FdCMeDTY76jcz1EpqLhQ/FdCMeDTY76jcz1EpqLhQ-rtn_1.json
8jYo6TrpmwN2BGyEgsKd/8jYo6TrpmwN2BGyEgsKd-rtn_0.json
FdCMeDTY76jcz1EpqLhQ/FdCMeDTY76jcz1EpqLhQ-rtn_2.json
4o0CMefnHO3xUI8XYVbW/4o0CMefnHO3xUI8XYVbW-rtn_28.json
jM2ezG5TVpPDmlEBZN7b/jM2ezG5TVpPDmlEBZN7b-rtn_0.json
7h32P6rADjMVEQuoOJIB/7h32P6rADjMVEQuoOJIB-rtn_1.json
2vzlFiPL03STnwtDhoCU/2vzlFiPL03STnwtDhoCU-rtn_0.json
Bgd518FpSGfwvekMYxUR/Bgd518FpSGfwvekMYxUR-rtn_75.json
FdCMeDTY76jcz1EpqLhQ/FdCMeDTY76jcz1EpqLhQ-rtn_0.json
DzCt290diLU3eKIExNpv/DzCt290diLU3eKIExNpv-rtn_0.json
85lCRjIZmV670qYBJSNo/85lCRjIZmV670qYBJSNo-rtn_80.json
85lCRjIZmV670qYBJSNo/85lCRjIZmV670qYBJSNo-rtn_23.json
