cmpps
vmovshdup
maxps
fldln2
fcomi
fcomp
pand
setle
aaa
sidt
push
aad
pmullw
pmulhw
vpsubsb
loopwe
vperm2f128
cmpltsd
aam
cvttsd2si
aas
pextrb
vsqrtsd
outsb
pextrd
outsd
punpckhdq
yagoso
scasb
cmpltss
divpd
pinsrd
scasd
addsd
cvtsd2si
mulsd
ffree
pfmul
pextrw
outsw
prefetchw
cvtsd2ss
divps
pfmin
addss
ftst
f2xm1
scasw
pinsrw
mulss
psubb
psubd
vmovddup
pushfw
fldl2e
vcmpsd
pfmax
vminpd
vmaxsd
movdq2q
phminposuw
cmpxchg8b
wait
daa
sldt
dec
psubq
vrsqrtss
fldl2t
vcmpss
lsl
popaw
psubw
vmaxss
dq
vmovntpd
vpsrad
ht
vmread
pxor
lss
movnti
hnt
fiadd
lgs
pavgb
das
fsetpm
div
vcvtdq2pd
andnpd
enterw
movntq
vmovntps
vmovntdq
pmaddubsw
vpsubusb
svldt
vcvtdq2ps
pavgw
vmptrld
andnps
fxrstor
icebp
vmmcall
rcpss
vdivsd
ciiqw
vpsubusw
ldmxcsr
vpshuflw
vpshufhw
ffreep
popa
pmovmskb
stc
xorpd
vpunpcklbw
std
clc
scas
xadd
popf
cld
vdivss
fldpi
sti
cli
vmovdqa
jecxz
loope
shl
movapd
str
xorps
cdq
shr
vpgatherqd
pwfx
packuswb
vcvtss2sd
fucom
into
vunpckhpd
movaps
vcvtss2si
vmovdqu
loopw
fmulp
pfsub
pavgusb
yogmamm
iret
lfence
cmovle
vunpckhps
fbstp
pfnacc
rdtsc
vpandn
punpckhqdq
vmovlhps
frstor
frndint
vzeroupper
bsf
fld
wrmsr
fstsw
setnle
lahf
pminsw
fstcw
pfrsqit1
cmpnlesd
rol
rsm
pcmpeqb
fstenv
rcl
bsr
pcmpeqd
jmp
cvtpi2ps
ror
fxtract
lmsw
rcr
vsubpd
cmpnless
ficom
fnstsw
fnstcw
pcmpeqw
fadd
vsubps
lddqu
stosb
setb
stosd
xrstor
pmuludq
fisttp
setl
vcvtsd2ss
fldlg2
call
vpclmulqdq
fldenv
seto
setp
sets
xsave
setalc
stosw
and
setz
fidivr
mul
cmpltpd
sfence
fsincos
cmpunordpd
vsqrtpd
arpl
xsaveopt
retnw
vmovsd
retfw
cmpltps
addpd
femms
vcvttsd2si
punpcklbw
finit
extractps
cmpunordps
pfacc
vsqrtps
mulpd
vpaddb
vmovss
vpaddd
rsqrtss
fpatan
fxam
vucomisd
addps
shld
xbegin
vmovsldup
mulps
vpaddq
vcmppd
vmaxpd
fninit
vucomiss
vpaddw
stos
psubusb
in
vrsqrtps
popfw
lodsb
vcmpps
lodsd
fxsave
bound
vmaxps
addsubpd
pcmpgtb
psubsb
fprem
pcmpgtd
ltr
vinsertf128
test
xor
fxch4
lgdt
pfsubr
lds
fxch7
sqrtsd
psubusw
pshuflw
lodsw
pshufhw
pcmpgtw
psubsw
vpackuswb
pabsw
sqrtss
vpunpcklwd
fcom
fscale
fcos
pslld
vdivpd
rcpps
cwde
vaddsd
vmulsd
pfcmpge
clflush
fstp1
sysexit
sub
psllq
vpunpckhbw
cmc
rdmsr
vdivps
vaddss
fstp8
fstp9
psllw
vmulss
vpsubb
vpsubd
pfcmpgt
sal
cmp
pfrcpit1
pfrcpit2
pause
sar
vpcmpeqb
cmpneqpd
vmovlps
vpcmpeqd
vpsubw
emms
fidiv
loopwne
cmpneqps
vmovd
vpaddsb
movhlps
vpcmpeqw
packusdw
fyl2x
vmovq
fisubr
vpavgw
vpmuludq
btc
jnb
vpaddsw
jbe
pmaxsw
movdqa
cmpnlepd
vrcpss
fdivp
pfrsqrt
jno
fdivr
jnp
nop
btr
bts
jns
cvttps2pi
not
vbroadcastf128
fsubrp
vpermilps
jnz
cmpnleps
getsec
fucompp
fistp
cvttps2dq
movdqu
pf2id
cvtps2pd
minsd
vxorps
cvtps2pi
fist
psrldq
cvtps2dq
minss
pf2iw
sahf
fnstenv
psrld
movmskpd
vpermq
packsswb
vcomisd
punpcklqdq
fincstp
vpunpckhqdq
movq2dq
fprem1
setnb
cmps
psrlq
smsw
movmskps
xchg
setbe
psrlw
prefetchnta
vcomiss
repne
setnl
punpcklwd
cmpnltsd
setno
setnp
palignr
pslldq
setns
cmpxchg
roundsd
ucomisd
vaddsubpd
setnz
cmpnltss
vpcmpgtb
vpcmpgtd
iretw
fcmovnb
faddp
punpckhbw
ucomiss
fcmovne
idiv
pfadd
vaddsubps
fcmovbe
rsqrtps
cvttpd2dq
rsts
vpcmpgtw
pswapd
offset
pmulhuw
fcmovnu
fdiv
rc
ja
pfpnacc
jb
vpaddusb
jg
andpd
cvtpd2ps
cvtpd2dq
vpshufd
lea
vlddqu
jl
fyl2xp1
jo
jp
lock
js
loop
vmovupd
andps
bt
vpaddusw
pmovzxbd
hlt
jz
lar
les
pmulhrsw
sqrtpd
fimul
vextractf128
vmovups
fcomp5
vpsadbw
prefetcht0
prefetcht1
sqrtps
prefetcht2
vpunpckhwd
fstp
fchs
vpmaxub
fdivrp
vaddpd
vpunpckldq
vmovhlps
vmulpd
subsd
leavew
fsubp
sgdt
fsubr
sbb
vaddps
vpmaxuw
vmulps
vorpd
subss
sysenter
invd
movd
out
syscall
cpuid
vpcext
cbw
vorps
movq
fcompp
vmovhps
cmpeqsd
movs
cmovnb
vcvtps2pd
cmovbe
cmpeqss
cvtsi2sd
pminub
cmovno
pminud
cmovnp
cmovns
vcvtps2dq
cvtsi2ss
cmovnz
vpacksswb
jge
setnbe
pminuw
vpmullw
vpmulhw
vpslld
vrcpps
cmplesd
fisub
movlpd
fptan
pi2fd
unpcklpd
rep
lidt
phaddd
vpsllq
movzx
imul
mpsadbw
vpsllw
movlps
fucomip
fndisi
unpcklps
fild
cmpsb
cmpsd
minpd
maxsd
fucomi
fmul
vpextrw
phaddw
leave
fucomp
paddsb
vcvttps2dq
vpinsrw
fld1
verw
insertps
fabs
maxss
minps
cmpsw
psrad
maskmovq
shufpd
vpmulhuw
inc
paddsw
adc
add
sysret
punpckhwd
psraw
cmpnltpd
vcvtpd2ps
vcvtpd2dq
shufps
loopne
ins
packssdw
wbinvd
int
pqit
lldt
mov
vandnpd
cmpnltps
bswap
punpckldq
pmaddwd
vmlaunch
divsd
cmova
paddusb
cmovb
roundps
cmovg
rdseed
vandnps
fxch
cmovl
divss
cmovo
cmovp
shrd
cmovs
paddusw
prefetch
ficomp
phsubd
enter
cmovz
comisd
pushaw
fldz
vpunpcklqdq
vminsd
clts
vcvttpd2dq
comiss
or
vminss
vpsrld
vmovntsd
vmovapd
xabort
pmovzxwd
pop
por
pusha
lods
lfs
pushf
vpsrlq
vmovaps
vpsrlw
fsub
pandn
vhsubpd
vpxor
fsin
fcmovb
vshufpd
fsave
fcmove
vhsubps
orpd
vmptrst
vcvtsi2sd
rsldt
vpunpckhdq
vshufps
subpd
movntpd
cwd
fcmovu
orps
pshufb
fsqrt
pshufd
vpminsw
vcvtsi2ss
fnsave
pfcmpeq
stmxcsr
cvtdq2pd
insb
subps
movupd
movntps
movntdq
insd
pshufw
vandpd
fldcw
vunpcklpd
cvtdq2ps
movups
fcomip
cmpeqpd
fbld
retf
repe
insw
fcmovnbe
psadbw
retn
vunpcklps
cmovge
fnop
cmpeqps
pmaxub
jcxz
rdpmc
cvttss2si
svts
outs
movsb
jle
movsd
fclex
neg
movhpd
cvtss2sd
unpckhpd
fst
cvtss2si
paddb
movss
xlat
rdrand
vsubsd
pblendvb
paddd
movsw
movsx
vmwrite
vpackssdw
cmpleps
movhps
unpckhps
fnclex
paddq
maxpd
fneni
paddw
vpmaddwd
movlhps
vmload
fdecstp
pfrcp
